Removed Pin From Net: NetName=+5 Pin=H1-4
Change Component Designator: OldDesignator=1 NewDesignator=?
Change Component Designator: OldDesignator=2 NewDesignator=?
Change Component Designator: OldDesignator=3 NewDesignator=?
Change Component Designator: OldDesignator=4 NewDesignator=?
Change Component Designator: OldDesignator=BT1 NewDesignator=BT?
Change Component Designator: OldDesignator=C1 NewDesignator=C?
Change Component Designator: OldDesignator=C2 NewDesignator=C?
Change Component Designator: OldDesignator=D1 NewDesignator=D?
Change Component Designator: OldDesignator=F1 NewDesignator=F?
Change Component Designator: OldDesignator=H1 NewDesignator=H?
Change Component Designator: OldDesignator=JACK DC1 NewDesignator=JACK DC?
Change Component Designator: OldDesignator=JP1 NewDesignator=JP?
Change Component Designator: OldDesignator=KF1 NewDesignator=KF?
Change Component Designator: OldDesignator=L1 NewDesignator=L?
Change Component Designator: OldDesignator=L2 NewDesignator=L?
Change Component Designator: OldDesignator=L3 NewDesignator=L?
Change Component Designator: OldDesignator=L4 NewDesignator=L?
Change Component Designator: OldDesignator=LS1 NewDesignator=LS?
Change Component Designator: OldDesignator=P1 NewDesignator=P?
Change Component Designator: OldDesignator=Q1 NewDesignator=Q?
Change Component Designator: OldDesignator=Q2 NewDesignator=Q?
Change Component Designator: OldDesignator=Q3 NewDesignator=Q?
Change Component Designator: OldDesignator=Q4 NewDesignator=Q?
Change Component Designator: OldDesignator=R1 NewDesignator=R?
Change Component Designator: OldDesignator=R2 NewDesignator=R?
Change Component Designator: OldDesignator=R3 NewDesignator=R?
Change Component Designator: OldDesignator=R4 NewDesignator=R?
Change Component Designator: OldDesignator=R5 NewDesignator=R?
Change Component Designator: OldDesignator=R6 NewDesignator=R?
Change Component Designator: OldDesignator=R7 NewDesignator=R?
Change Component Designator: OldDesignator=R8 NewDesignator=R?
Change Component Designator: OldDesignator=R9 NewDesignator=R?
Change Component Designator: OldDesignator=R10 NewDesignator=R?
Change Component Designator: OldDesignator=R11 NewDesignator=R?
Change Component Designator: OldDesignator=R12 NewDesignator=R?
Change Component Designator: OldDesignator=R13 NewDesignator=R?
Change Component Designator: OldDesignator=R*1 NewDesignator=R*?
Change Component Designator: OldDesignator=S1 NewDesignator=S?
Change Component Designator: OldDesignator=U1 NewDesignator=U?
Change Component Designator: OldDesignator=U2 NewDesignator=U?
Change Component Designator: OldDesignator=U3 NewDesignator=U?
Added Pin To Net: NetName=+3V3 Pin=H?-4
Change Net Name : Old Net Name=NetD1_2 New Net Name=NetD?_2
Change Net Name : Old Net Name=NetF1_1 New Net Name=NetF?_1
Change Net Name : Old Net Name=NetJACK DC1_1 New Net Name=NetJACK DC?_1
Change Net Name : Old Net Name=NetL2_1 New Net Name=NetL?_1
Change Net Name : Old Net Name=NetL2_2 New Net Name=NetL?_2
Change Net Name : Old Net Name=NetL3_1 New Net Name=NetL?_1
Change Net Name : Old Net Name=NetL3_2 New Net Name=NetL?_2
Change Net Name : Old Net Name=NetL4_1 New Net Name=NetL?_1
Change Net Name : Old Net Name=NetL4_2 New Net Name=NetL?_2
Change Net Name : Old Net Name=NetLS1_M New Net Name=NetLS?_M
Change Net Name : Old Net Name=NetLS1_P New Net Name=NetLS?_P
Change Net Name : Old Net Name=NetQ1_3 New Net Name=NetQ?_3
Change Net Name : Old Net Name=NetQ2_3 New Net Name=NetQ?_3
Change Net Name : Old Net Name=NetQ3_3 New Net Name=NetQ?_3
Change Net Name : Old Net Name=NetQ4_3 New Net Name=NetQ?_3
